Archive member included because of file (symbol)

c:/program files/gnu tools arm embedded/4.9 2015q1/bin/../lib/gcc/arm-none-eabi/4.9.3/../../../../arm-none-eabi/lib/armv7e-m\libc.a(lib_a-exit.o)
                              c:/program files/gnu tools arm embedded/4.9 2015q1/bin/../lib/gcc/arm-none-eabi/4.9.3/../../../../arm-none-eabi/lib/armv7e-m/crt0.o (exit)
c:/program files/gnu tools arm embedded/4.9 2015q1/bin/../lib/gcc/arm-none-eabi/4.9.3/../../../../arm-none-eabi/lib/armv7e-m\libc.a(lib_a-impure.o)
                              c:/program files/gnu tools arm embedded/4.9 2015q1/bin/../lib/gcc/arm-none-eabi/4.9.3/../../../../arm-none-eabi/lib/armv7e-m\libc.a(lib_a-exit.o) (_global_impure_ptr)
c:/program files/gnu tools arm embedded/4.9 2015q1/bin/../lib/gcc/arm-none-eabi/4.9.3/../../../../arm-none-eabi/lib/armv7e-m\libc.a(lib_a-init.o)
                              c:/program files/gnu tools arm embedded/4.9 2015q1/bin/../lib/gcc/arm-none-eabi/4.9.3/../../../../arm-none-eabi/lib/armv7e-m/crt0.o (__libc_init_array)
c:/program files/gnu tools arm embedded/4.9 2015q1/bin/../lib/gcc/arm-none-eabi/4.9.3/../../../../arm-none-eabi/lib/armv7e-m\libc.a(lib_a-memset.o)
                              c:/program files/gnu tools arm embedded/4.9 2015q1/bin/../lib/gcc/arm-none-eabi/4.9.3/../../../../arm-none-eabi/lib/armv7e-m/crt0.o (memset)
c:/program files/gnu tools arm embedded/4.9 2015q1/bin/../lib/gcc/arm-none-eabi/4.9.3/../../../../arm-none-eabi/lib/armv7e-m\libc.a(lib_a-__call_atexit.o)
                              c:/program files/gnu tools arm embedded/4.9 2015q1/bin/../lib/gcc/arm-none-eabi/4.9.3/../../../../arm-none-eabi/lib/armv7e-m\libc.a(lib_a-exit.o) (__call_exitprocs)
c:/program files/gnu tools arm embedded/4.9 2015q1/bin/../lib/gcc/arm-none-eabi/4.9.3/../../../../arm-none-eabi/lib/armv7e-m\libc.a(lib_a-atexit.o)
                              c:/program files/gnu tools arm embedded/4.9 2015q1/bin/../lib/gcc/arm-none-eabi/4.9.3/../../../../arm-none-eabi/lib/armv7e-m\libc.a(lib_a-__call_atexit.o) (atexit)
c:/program files/gnu tools arm embedded/4.9 2015q1/bin/../lib/gcc/arm-none-eabi/4.9.3/../../../../arm-none-eabi/lib/armv7e-m\libc.a(lib_a-fini.o)
                              c:/program files/gnu tools arm embedded/4.9 2015q1/bin/../lib/gcc/arm-none-eabi/4.9.3/../../../../arm-none-eabi/lib/armv7e-m\libc.a(lib_a-__call_atexit.o) (__libc_fini_array)
c:/program files/gnu tools arm embedded/4.9 2015q1/bin/../lib/gcc/arm-none-eabi/4.9.3/../../../../arm-none-eabi/lib/armv7e-m\libc.a(lib_a-__atexit.o)
                              c:/program files/gnu tools arm embedded/4.9 2015q1/bin/../lib/gcc/arm-none-eabi/4.9.3/../../../../arm-none-eabi/lib/armv7e-m\libc.a(lib_a-atexit.o) (__register_exitproc)

Allocating common symbols
Common symbol       size              file

data                0x4               ..\obj\main.o

Discarded input sections

 .text          0x00000000        0x0 c:/program files/gnu tools arm embedded/4.9 2015q1/bin/../lib/gcc/arm-none-eabi/4.9.3/armv7e-m/crti.o
 .data          0x00000000        0x0 c:/program files/gnu tools arm embedded/4.9 2015q1/bin/../lib/gcc/arm-none-eabi/4.9.3/armv7e-m/crti.o
 .bss           0x00000000        0x0 c:/program files/gnu tools arm embedded/4.9 2015q1/bin/../lib/gcc/arm-none-eabi/4.9.3/armv7e-m/crti.o
 .data          0x00000000        0x4 c:/program files/gnu tools arm embedded/4.9 2015q1/bin/../lib/gcc/arm-none-eabi/4.9.3/armv7e-m/crtbegin.o
 .text          0x00000000       0x74 c:/program files/gnu tools arm embedded/4.9 2015q1/bin/../lib/gcc/arm-none-eabi/4.9.3/../../../../arm-none-eabi/lib/armv7e-m/crt0.o
 .data          0x00000000        0x0 c:/program files/gnu tools arm embedded/4.9 2015q1/bin/../lib/gcc/arm-none-eabi/4.9.3/../../../../arm-none-eabi/lib/armv7e-m/crt0.o
 .bss           0x00000000        0x0 c:/program files/gnu tools arm embedded/4.9 2015q1/bin/../lib/gcc/arm-none-eabi/4.9.3/../../../../arm-none-eabi/lib/armv7e-m/crt0.o
 .ARM.extab     0x00000000        0x0 c:/program files/gnu tools arm embedded/4.9 2015q1/bin/../lib/gcc/arm-none-eabi/4.9.3/../../../../arm-none-eabi/lib/armv7e-m/crt0.o
 .ARM.exidx     0x00000000        0x8 c:/program files/gnu tools arm embedded/4.9 2015q1/bin/../lib/gcc/arm-none-eabi/4.9.3/../../../../arm-none-eabi/lib/armv7e-m/crt0.o
 .ARM.attributes
                0x00000000       0x1c c:/program files/gnu tools arm embedded/4.9 2015q1/bin/../lib/gcc/arm-none-eabi/4.9.3/../../../../arm-none-eabi/lib/armv7e-m/crt0.o
 .text          0x00000000        0x0 c:/program files/gnu tools arm embedded/4.9 2015q1/bin/../lib/gcc/arm-none-eabi/4.9.3/../../../../arm-none-eabi/lib/armv7e-m\libc.a(lib_a-exit.o)
 .data          0x00000000        0x0 c:/program files/gnu tools arm embedded/4.9 2015q1/bin/../lib/gcc/arm-none-eabi/4.9.3/../../../../arm-none-eabi/lib/armv7e-m\libc.a(lib_a-exit.o)
 .bss           0x00000000        0x0 c:/program files/gnu tools arm embedded/4.9 2015q1/bin/../lib/gcc/arm-none-eabi/4.9.3/../../../../arm-none-eabi/lib/armv7e-m\libc.a(lib_a-exit.o)
 .text.exit     0x00000000       0x20 c:/program files/gnu tools arm embedded/4.9 2015q1/bin/../lib/gcc/arm-none-eabi/4.9.3/../../../../arm-none-eabi/lib/armv7e-m\libc.a(lib_a-exit.o)
 .debug_frame   0x00000000       0x28 c:/program files/gnu tools arm embedded/4.9 2015q1/bin/../lib/gcc/arm-none-eabi/4.9.3/../../../../arm-none-eabi/lib/armv7e-m\libc.a(lib_a-exit.o)
 .ARM.attributes
                0x00000000       0x2e c:/program files/gnu tools arm embedded/4.9 2015q1/bin/../lib/gcc/arm-none-eabi/4.9.3/../../../../arm-none-eabi/lib/armv7e-m\libc.a(lib_a-exit.o)
 .text          0x00000000        0x0 c:/program files/gnu tools arm embedded/4.9 2015q1/bin/../lib/gcc/arm-none-eabi/4.9.3/../../../../arm-none-eabi/lib/armv7e-m\libc.a(lib_a-impure.o)
 .data          0x00000000        0x0 c:/program files/gnu tools arm embedded/4.9 2015q1/bin/../lib/gcc/arm-none-eabi/4.9.3/../../../../arm-none-eabi/lib/armv7e-m\libc.a(lib_a-impure.o)
 .bss           0x00000000        0x0 c:/program files/gnu tools arm embedded/4.9 2015q1/bin/../lib/gcc/arm-none-eabi/4.9.3/../../../../arm-none-eabi/lib/armv7e-m\libc.a(lib_a-impure.o)
 .data._impure_ptr
                0x00000000        0x4 c:/program files/gnu tools arm embedded/4.9 2015q1/bin/../lib/gcc/arm-none-eabi/4.9.3/../../../../arm-none-eabi/lib/armv7e-m\libc.a(lib_a-impure.o)
 .ARM.attributes
                0x00000000       0x2e c:/program files/gnu tools arm embedded/4.9 2015q1/bin/../lib/gcc/arm-none-eabi/4.9.3/../../../../arm-none-eabi/lib/armv7e-m\libc.a(lib_a-impure.o)
 .text          0x00000000        0x0 c:/program files/gnu tools arm embedded/4.9 2015q1/bin/../lib/gcc/arm-none-eabi/4.9.3/../../../../arm-none-eabi/lib/armv7e-m\libc.a(lib_a-init.o)
 .data          0x00000000        0x0 c:/program files/gnu tools arm embedded/4.9 2015q1/bin/../lib/gcc/arm-none-eabi/4.9.3/../../../../arm-none-eabi/lib/armv7e-m\libc.a(lib_a-init.o)
 .bss           0x00000000        0x0 c:/program files/gnu tools arm embedded/4.9 2015q1/bin/../lib/gcc/arm-none-eabi/4.9.3/../../../../arm-none-eabi/lib/armv7e-m\libc.a(lib_a-init.o)
 .debug_frame   0x00000000       0x2c c:/program files/gnu tools arm embedded/4.9 2015q1/bin/../lib/gcc/arm-none-eabi/4.9.3/../../../../arm-none-eabi/lib/armv7e-m\libc.a(lib_a-init.o)
 .ARM.attributes
                0x00000000       0x2e c:/program files/gnu tools arm embedded/4.9 2015q1/bin/../lib/gcc/arm-none-eabi/4.9.3/../../../../arm-none-eabi/lib/armv7e-m\libc.a(lib_a-init.o)
 .text          0x00000000        0x0 c:/program files/gnu tools arm embedded/4.9 2015q1/bin/../lib/gcc/arm-none-eabi/4.9.3/../../../../arm-none-eabi/lib/armv7e-m\libc.a(lib_a-memset.o)
 .data          0x00000000        0x0 c:/program files/gnu tools arm embedded/4.9 2015q1/bin/../lib/gcc/arm-none-eabi/4.9.3/../../../../arm-none-eabi/lib/armv7e-m\libc.a(lib_a-memset.o)
 .bss           0x00000000        0x0 c:/program files/gnu tools arm embedded/4.9 2015q1/bin/../lib/gcc/arm-none-eabi/4.9.3/../../../../arm-none-eabi/lib/armv7e-m\libc.a(lib_a-memset.o)
 .text.memset   0x00000000       0x9c c:/program files/gnu tools arm embedded/4.9 2015q1/bin/../lib/gcc/arm-none-eabi/4.9.3/../../../../arm-none-eabi/lib/armv7e-m\libc.a(lib_a-memset.o)
 .debug_frame   0x00000000       0x34 c:/program files/gnu tools arm embedded/4.9 2015q1/bin/../lib/gcc/arm-none-eabi/4.9.3/../../../../arm-none-eabi/lib/armv7e-m\libc.a(lib_a-memset.o)
 .ARM.attributes
                0x00000000       0x2e c:/program files/gnu tools arm embedded/4.9 2015q1/bin/../lib/gcc/arm-none-eabi/4.9.3/../../../../arm-none-eabi/lib/armv7e-m\libc.a(lib_a-memset.o)
 .text          0x00000000        0x0 c:/program files/gnu tools arm embedded/4.9 2015q1/bin/../lib/gcc/arm-none-eabi/4.9.3/../../../../arm-none-eabi/lib/armv7e-m\libc.a(lib_a-__call_atexit.o)
 .data          0x00000000        0x0 c:/program files/gnu tools arm embedded/4.9 2015q1/bin/../lib/gcc/arm-none-eabi/4.9.3/../../../../arm-none-eabi/lib/armv7e-m\libc.a(lib_a-__call_atexit.o)
 .bss           0x00000000        0x0 c:/program files/gnu tools arm embedded/4.9 2015q1/bin/../lib/gcc/arm-none-eabi/4.9.3/../../../../arm-none-eabi/lib/armv7e-m\libc.a(lib_a-__call_atexit.o)
 .text.__call_exitprocs
                0x00000000       0xd4 c:/program files/gnu tools arm embedded/4.9 2015q1/bin/../lib/gcc/arm-none-eabi/4.9.3/../../../../arm-none-eabi/lib/armv7e-m\libc.a(lib_a-__call_atexit.o)
 .debug_frame   0x00000000       0x50 c:/program files/gnu tools arm embedded/4.9 2015q1/bin/../lib/gcc/arm-none-eabi/4.9.3/../../../../arm-none-eabi/lib/armv7e-m\libc.a(lib_a-__call_atexit.o)
 .ARM.attributes
                0x00000000       0x2e c:/program files/gnu tools arm embedded/4.9 2015q1/bin/../lib/gcc/arm-none-eabi/4.9.3/../../../../arm-none-eabi/lib/armv7e-m\libc.a(lib_a-__call_atexit.o)
 .text          0x00000000        0x0 c:/program files/gnu tools arm embedded/4.9 2015q1/bin/../lib/gcc/arm-none-eabi/4.9.3/../../../../arm-none-eabi/lib/armv7e-m\libc.a(lib_a-atexit.o)
 .data          0x00000000        0x0 c:/program files/gnu tools arm embedded/4.9 2015q1/bin/../lib/gcc/arm-none-eabi/4.9.3/../../../../arm-none-eabi/lib/armv7e-m\libc.a(lib_a-atexit.o)
 .bss           0x00000000        0x0 c:/program files/gnu tools arm embedded/4.9 2015q1/bin/../lib/gcc/arm-none-eabi/4.9.3/../../../../arm-none-eabi/lib/armv7e-m\libc.a(lib_a-atexit.o)
 .debug_frame   0x00000000       0x20 c:/program files/gnu tools arm embedded/4.9 2015q1/bin/../lib/gcc/arm-none-eabi/4.9.3/../../../../arm-none-eabi/lib/armv7e-m\libc.a(lib_a-atexit.o)
 .ARM.attributes
                0x00000000       0x2e c:/program files/gnu tools arm embedded/4.9 2015q1/bin/../lib/gcc/arm-none-eabi/4.9.3/../../../../arm-none-eabi/lib/armv7e-m\libc.a(lib_a-atexit.o)
 .text          0x00000000        0x0 c:/program files/gnu tools arm embedded/4.9 2015q1/bin/../lib/gcc/arm-none-eabi/4.9.3/../../../../arm-none-eabi/lib/armv7e-m\libc.a(lib_a-fini.o)
 .data          0x00000000        0x0 c:/program files/gnu tools arm embedded/4.9 2015q1/bin/../lib/gcc/arm-none-eabi/4.9.3/../../../../arm-none-eabi/lib/armv7e-m\libc.a(lib_a-fini.o)
 .bss           0x00000000        0x0 c:/program files/gnu tools arm embedded/4.9 2015q1/bin/../lib/gcc/arm-none-eabi/4.9.3/../../../../arm-none-eabi/lib/armv7e-m\libc.a(lib_a-fini.o)
 .debug_frame   0x00000000       0x34 c:/program files/gnu tools arm embedded/4.9 2015q1/bin/../lib/gcc/arm-none-eabi/4.9.3/../../../../arm-none-eabi/lib/armv7e-m\libc.a(lib_a-fini.o)
 .ARM.attributes
                0x00000000       0x2e c:/program files/gnu tools arm embedded/4.9 2015q1/bin/../lib/gcc/arm-none-eabi/4.9.3/../../../../arm-none-eabi/lib/armv7e-m\libc.a(lib_a-fini.o)
 .text          0x00000000        0x0 c:/program files/gnu tools arm embedded/4.9 2015q1/bin/../lib/gcc/arm-none-eabi/4.9.3/../../../../arm-none-eabi/lib/armv7e-m\libc.a(lib_a-__atexit.o)
 .data          0x00000000        0x0 c:/program files/gnu tools arm embedded/4.9 2015q1/bin/../lib/gcc/arm-none-eabi/4.9.3/../../../../arm-none-eabi/lib/armv7e-m\libc.a(lib_a-__atexit.o)
 .bss           0x00000000        0x0 c:/program files/gnu tools arm embedded/4.9 2015q1/bin/../lib/gcc/arm-none-eabi/4.9.3/../../../../arm-none-eabi/lib/armv7e-m\libc.a(lib_a-__atexit.o)
 .debug_frame   0x00000000       0x34 c:/program files/gnu tools arm embedded/4.9 2015q1/bin/../lib/gcc/arm-none-eabi/4.9.3/../../../../arm-none-eabi/lib/armv7e-m\libc.a(lib_a-__atexit.o)
 .ARM.attributes
                0x00000000       0x2e c:/program files/gnu tools arm embedded/4.9 2015q1/bin/../lib/gcc/arm-none-eabi/4.9.3/../../../../arm-none-eabi/lib/armv7e-m\libc.a(lib_a-__atexit.o)
 .text          0x00000000      0x1d0 ..\obj\Gpio.o
 .data          0x00000000        0x0 ..\obj\Gpio.o
 .bss           0x00000000        0x0 ..\obj\Gpio.o
 .debug_info    0x00000000      0x2b4 ..\obj\Gpio.o
 .debug_abbrev  0x00000000       0xf4 ..\obj\Gpio.o
 .debug_aranges
                0x00000000       0x20 ..\obj\Gpio.o
 .debug_line    0x00000000      0x161 ..\obj\Gpio.o
 .debug_str     0x00000000      0x21a ..\obj\Gpio.o
 .comment       0x00000000       0x71 ..\obj\Gpio.o
 .debug_frame   0x00000000      0x140 ..\obj\Gpio.o
 .ARM.attributes
                0x00000000       0x33 ..\obj\Gpio.o
 .data          0x00000000        0x0 ..\obj\RCC.o
 .bss           0x00000000        0x0 ..\obj\RCC.o
 COMMON         0x00000000        0x4 ..\obj\main.o
 .bss           0x00000000        0x0 ..\obj\system_stm32f4xx.o
 .data          0x00000000        0x0 ..\obj\DMA.o
 .bss           0x00000000        0x0 ..\obj\DMA.o
 .text          0x00000000       0x14 ..\obj\startup_stm32f429xx.o
 .data          0x00000000        0x0 ..\obj\startup_stm32f429xx.o
 .bss           0x00000000        0x0 ..\obj\startup_stm32f429xx.o
 .data          0x00000000        0x0 ..\obj\stm32f4xx_hal_cortex.o
 .bss           0x00000000        0x0 ..\obj\stm32f4xx_hal_cortex.o
 .text          0x00000000        0x0 c:/program files/gnu tools arm embedded/4.9 2015q1/bin/../lib/gcc/arm-none-eabi/4.9.3/armv7e-m/crtend.o
 .data          0x00000000        0x0 c:/program files/gnu tools arm embedded/4.9 2015q1/bin/../lib/gcc/arm-none-eabi/4.9.3/armv7e-m/crtend.o
 .bss           0x00000000        0x0 c:/program files/gnu tools arm embedded/4.9 2015q1/bin/../lib/gcc/arm-none-eabi/4.9.3/armv7e-m/crtend.o
 .eh_frame      0x00000000        0x4 c:/program files/gnu tools arm embedded/4.9 2015q1/bin/../lib/gcc/arm-none-eabi/4.9.3/armv7e-m/crtend.o
 .jcr           0x00000000        0x4 c:/program files/gnu tools arm embedded/4.9 2015q1/bin/../lib/gcc/arm-none-eabi/4.9.3/armv7e-m/crtend.o
 .ARM.attributes
                0x00000000       0x2e c:/program files/gnu tools arm embedded/4.9 2015q1/bin/../lib/gcc/arm-none-eabi/4.9.3/armv7e-m/crtend.o
 .text          0x00000000        0x0 c:/program files/gnu tools arm embedded/4.9 2015q1/bin/../lib/gcc/arm-none-eabi/4.9.3/armv7e-m/crtn.o
 .data          0x00000000        0x0 c:/program files/gnu tools arm embedded/4.9 2015q1/bin/../lib/gcc/arm-none-eabi/4.9.3/armv7e-m/crtn.o
 .bss           0x00000000        0x0 c:/program files/gnu tools arm embedded/4.9 2015q1/bin/../lib/gcc/arm-none-eabi/4.9.3/armv7e-m/crtn.o

Memory Configuration

Name             Origin             Length             Attributes
FLASH            0x08000000         0x00200000         xr
RAM              0x20000000         0x00030000         xrw
CCMRAM           0x10000000         0x00010000         rw
*default*        0x00000000         0xffffffff

Linker script and memory map

LOAD c:/program files/gnu tools arm embedded/4.9 2015q1/bin/../lib/gcc/arm-none-eabi/4.9.3/armv7e-m/crti.o
LOAD c:/program files/gnu tools arm embedded/4.9 2015q1/bin/../lib/gcc/arm-none-eabi/4.9.3/armv7e-m/crtbegin.o
LOAD c:/program files/gnu tools arm embedded/4.9 2015q1/bin/../lib/gcc/arm-none-eabi/4.9.3/../../../../arm-none-eabi/lib/armv7e-m/crt0.o
                0x2002ffff                _estack = 0x2002ffff
                0x00000200                _Min_Heap_Size = 0x200
                0x00000400                _Min_Stack_Size = 0x400

.isr_vector     0x08000000      0x1ac
                0x08000000                . = ALIGN (0x4)
 *(.isr_vector)
 .isr_vector    0x08000000      0x1ac ..\obj\startup_stm32f429xx.o
                0x08000000                g_pfnVectors
                0x080001ac                . = ALIGN (0x4)

.text           0x080001ac      0xda0
                0x080001ac                . = ALIGN (0x4)
 *(.text)
 .text          0x080001ac       0x5c c:/program files/gnu tools arm embedded/4.9 2015q1/bin/../lib/gcc/arm-none-eabi/4.9.3/armv7e-m/crtbegin.o
 .text          0x08000208       0x90 ..\obj\RCC.o
                0x08000208                DMAUnresetEnableClock
                0x0800024c                gpioUnresetEnableClock
 .text          0x08000298       0xf0 ..\obj\main.o
                0x08000298                DMA2_Stream7_IRQHandler
                0x0800031c                main
 .text          0x08000388      0x27c ..\obj\system_stm32f4xx.o
                0x08000388                SystemInit
                0x080003e0                SystemCoreClockUpdate
 .text          0x08000604      0x258 ..\obj\DMA.o
                0x08000604                configDMAM2M
                0x08000780                DMA_interruptTransfer
                0x080007b0                DMA_memcpy8
                0x08000818                enableDMA
 .text          0x0800085c      0x544 ..\obj\stm32f4xx_hal_cortex.o
                0x08000bf0                HAL_NVIC_SetPriorityGrouping
                0x08000c04                HAL_NVIC_SetPriority
                0x08000c3c                HAL_NVIC_EnableIRQ
                0x08000c58                HAL_NVIC_DisableIRQ
                0x08000c74                HAL_NVIC_SystemReset
                0x08000c80                HAL_SYSTICK_Config
                0x08000c98                HAL_NVIC_GetPriorityGrouping
                0x08000ca8                HAL_NVIC_GetPriority
                0x08000cd8                HAL_NVIC_SetPendingIRQ
                0x08000cf4                HAL_NVIC_GetPendingIRQ
                0x08000d14                HAL_NVIC_ClearPendingIRQ
                0x08000d30                HAL_NVIC_GetActive
                0x08000d50                HAL_SYSTICK_CLKSourceConfig
                0x08000d88                HAL_SYSTICK_IRQHandler
                0x08000d94                HAL_SYSTICK_Callback
 *(.text*)
 .text.__libc_init_array
                0x08000da0       0x50 c:/program files/gnu tools arm embedded/4.9 2015q1/bin/../lib/gcc/arm-none-eabi/4.9.3/../../../../arm-none-eabi/lib/armv7e-m\libc.a(lib_a-init.o)
                0x08000da0                __libc_init_array
 .text.startup.register_fini
                0x08000df0       0x14 c:/program files/gnu tools arm embedded/4.9 2015q1/bin/../lib/gcc/arm-none-eabi/4.9.3/../../../../arm-none-eabi/lib/armv7e-m\libc.a(lib_a-__call_atexit.o)
 .text.atexit   0x08000e04        0xc c:/program files/gnu tools arm embedded/4.9 2015q1/bin/../lib/gcc/arm-none-eabi/4.9.3/../../../../arm-none-eabi/lib/armv7e-m\libc.a(lib_a-atexit.o)
                0x08000e04                atexit
 .text.__libc_fini_array
                0x08000e10       0x2c c:/program files/gnu tools arm embedded/4.9 2015q1/bin/../lib/gcc/arm-none-eabi/4.9.3/../../../../arm-none-eabi/lib/armv7e-m\libc.a(lib_a-fini.o)
                0x08000e10                __libc_fini_array
 .text.__register_exitproc
                0x08000e3c       0xa4 c:/program files/gnu tools arm embedded/4.9 2015q1/bin/../lib/gcc/arm-none-eabi/4.9.3/../../../../arm-none-eabi/lib/armv7e-m\libc.a(lib_a-__atexit.o)
                0x08000e3c                __register_exitproc
 .text.Reset_Handler
                0x08000ee0       0x50 ..\obj\startup_stm32f429xx.o
                0x08000ee0                Reset_Handler
 .text.Default_Handler
                0x08000f30        0x2 ..\obj\startup_stm32f429xx.o
                0x08000f30                RTC_Alarm_IRQHandler
                0x08000f30                HASH_RNG_IRQHandler
                0x08000f30                EXTI2_IRQHandler
                0x08000f30                TIM8_CC_IRQHandler
                0x08000f30                DebugMon_Handler
                0x08000f30                UART8_IRQHandler
                0x08000f30                SPI4_IRQHandler
                0x08000f30                TIM1_CC_IRQHandler
                0x08000f30                DMA2_Stream5_IRQHandler
                0x08000f30                HardFault_Handler
                0x08000f30                DMA1_Stream5_IRQHandler
                0x08000f30                SysTick_Handler
                0x08000f30                PVD_IRQHandler
                0x08000f30                SDIO_IRQHandler
                0x08000f30                TAMP_STAMP_IRQHandler
                0x08000f30                PendSV_Handler
                0x08000f30                NMI_Handler
                0x08000f30                CAN2_RX1_IRQHandler
                0x08000f30                EXTI3_IRQHandler
                0x08000f30                TIM8_TRG_COM_TIM14_IRQHandler
                0x08000f30                TIM1_UP_TIM10_IRQHandler
                0x08000f30                TIM8_UP_TIM13_IRQHandler
                0x08000f30                I2C3_ER_IRQHandler
                0x08000f30                EXTI0_IRQHandler
                0x08000f30                I2C2_EV_IRQHandler
                0x08000f30                DMA1_Stream2_IRQHandler
                0x08000f30                CAN1_RX0_IRQHandler
                0x08000f30                FPU_IRQHandler
                0x08000f30                OTG_HS_WKUP_IRQHandler
                0x08000f30                UsageFault_Handler
                0x08000f30                LTDC_ER_IRQHandler
                0x08000f30                CAN2_SCE_IRQHandler
                0x08000f30                DMA2_Stream2_IRQHandler
                0x08000f30                SPI1_IRQHandler
                0x08000f30                TIM6_DAC_IRQHandler
                0x08000f30                TIM1_BRK_TIM9_IRQHandler
                0x08000f30                DCMI_IRQHandler
                0x08000f30                CAN2_RX0_IRQHandler
                0x08000f30                DMA2_Stream3_IRQHandler
                0x08000f30                USART6_IRQHandler
                0x08000f30                USART3_IRQHandler
                0x08000f30                CAN1_RX1_IRQHandler
                0x08000f30                UART5_IRQHandler
                0x08000f30                DMA2_Stream0_IRQHandler
                0x08000f30                TIM4_IRQHandler
                0x08000f30                I2C1_EV_IRQHandler
                0x08000f30                DMA1_Stream6_IRQHandler
                0x08000f30                DMA1_Stream1_IRQHandler
                0x08000f30                UART4_IRQHandler
                0x08000f30                TIM3_IRQHandler
                0x08000f30                RCC_IRQHandler
                0x08000f30                TIM8_BRK_TIM12_IRQHandler
                0x08000f30                Default_Handler
                0x08000f30                EXTI15_10_IRQHandler
                0x08000f30                ADC_IRQHandler
                0x08000f30                DMA1_Stream7_IRQHandler
                0x08000f30                SPI5_IRQHandler
                0x08000f30                TIM7_IRQHandler
                0x08000f30                CAN2_TX_IRQHandler
                0x08000f30                TIM5_IRQHandler
                0x08000f30                I2C3_EV_IRQHandler
                0x08000f30                EXTI9_5_IRQHandler
                0x08000f30                RTC_WKUP_IRQHandler
                0x08000f30                LTDC_IRQHandler
                0x08000f30                ETH_WKUP_IRQHandler
                0x08000f30                SPI2_IRQHandler
                0x08000f30                OTG_HS_EP1_IN_IRQHandler
                0x08000f30                MemManage_Handler
                0x08000f30                DMA1_Stream0_IRQHandler
                0x08000f30                CAN1_TX_IRQHandler
                0x08000f30                SVC_Handler
                0x08000f30                EXTI4_IRQHandler
                0x08000f30                ETH_IRQHandler
                0x08000f30                OTG_HS_EP1_OUT_IRQHandler
                0x08000f30                WWDG_IRQHandler
                0x08000f30                SPI6_IRQHandler
                0x08000f30                TIM2_IRQHandler
                0x08000f30                OTG_FS_WKUP_IRQHandler
                0x08000f30                TIM1_TRG_COM_TIM11_IRQHandler
                0x08000f30                OTG_HS_IRQHandler
                0x08000f30                DMA2D_IRQHandler
                0x08000f30                EXTI1_IRQHandler
                0x08000f30                UART7_IRQHandler
                0x08000f30                USART2_IRQHandler
                0x08000f30                I2C2_ER_IRQHandler
                0x08000f30                DMA2_Stream1_IRQHandler
                0x08000f30                CAN1_SCE_IRQHandler
                0x08000f30                FLASH_IRQHandler
                0x08000f30                DMA2_Stream4_IRQHandler
                0x08000f30                BusFault_Handler
                0x08000f30                USART1_IRQHandler
                0x08000f30                OTG_FS_IRQHandler
                0x08000f30                SPI3_IRQHandler
                0x08000f30                DMA1_Stream4_IRQHandler
                0x08000f30                I2C1_ER_IRQHandler
                0x08000f30                FMC_IRQHandler
                0x08000f30                DMA2_Stream6_IRQHandler
                0x08000f30                SAI1_IRQHandler
                0x08000f30                DMA1_Stream3_IRQHandler
 *(.glue_7)
 .glue_7        0x00000000        0x0 linker stubs
 *(.glue_7t)
 .glue_7t       0x00000000        0x0 linker stubs
 *(.eh_frame)
 *fill*         0x08000f32        0x2 
 .eh_frame      0x08000f34        0x0 c:/program files/gnu tools arm embedded/4.9 2015q1/bin/../lib/gcc/arm-none-eabi/4.9.3/armv7e-m/crtbegin.o
 *(.init)
 .init          0x08000f34        0x4 c:/program files/gnu tools arm embedded/4.9 2015q1/bin/../lib/gcc/arm-none-eabi/4.9.3/armv7e-m/crti.o
                0x08000f34                _init
 .init          0x08000f38        0x8 c:/program files/gnu tools arm embedded/4.9 2015q1/bin/../lib/gcc/arm-none-eabi/4.9.3/armv7e-m/crtn.o
 *(.fini)
 .fini          0x08000f40        0x4 c:/program files/gnu tools arm embedded/4.9 2015q1/bin/../lib/gcc/arm-none-eabi/4.9.3/armv7e-m/crti.o
                0x08000f40                _fini
 .fini          0x08000f44        0x8 c:/program files/gnu tools arm embedded/4.9 2015q1/bin/../lib/gcc/arm-none-eabi/4.9.3/armv7e-m/crtn.o
                0x08000f4c                . = ALIGN (0x4)
                0x08000f4c                _etext = .

.vfp11_veneer   0x08000f4c        0x0
 .vfp11_veneer  0x00000000        0x0 linker stubs

.v4_bx          0x08000f4c        0x0
 .v4_bx         0x00000000        0x0 linker stubs

.iplt           0x08000f4c        0x0
 .iplt          0x00000000        0x0 c:/program files/gnu tools arm embedded/4.9 2015q1/bin/../lib/gcc/arm-none-eabi/4.9.3/armv7e-m/crtbegin.o

.rodata         0x08000f4c        0x8
                0x08000f4c                . = ALIGN (0x4)
 *(.rodata)
 *(.rodata*)
 .rodata.str1.4
                0x08000f4c        0x4 c:/program files/gnu tools arm embedded/4.9 2015q1/bin/../lib/gcc/arm-none-eabi/4.9.3/../../../../arm-none-eabi/lib/armv7e-m\libc.a(lib_a-impure.o)
 .rodata._global_impure_ptr
                0x08000f50        0x4 c:/program files/gnu tools arm embedded/4.9 2015q1/bin/../lib/gcc/arm-none-eabi/4.9.3/../../../../arm-none-eabi/lib/armv7e-m\libc.a(lib_a-impure.o)
                0x08000f50                _global_impure_ptr
                0x08000f54                . = ALIGN (0x4)

.rel.dyn        0x08000f54        0x0
 .rel.iplt      0x00000000        0x0 c:/program files/gnu tools arm embedded/4.9 2015q1/bin/../lib/gcc/arm-none-eabi/4.9.3/armv7e-m/crtbegin.o

.ARM.extab
 *(.ARM.extab* .gnu.linkonce.armextab.*)

.ARM            0x08000f54        0x0
                0x08000f54                __exidx_start = .
 *(.ARM.exidx*)
                0x08000f54                __exidx_end = .

.preinit_array  0x08000f54        0x0
                0x08000f54                PROVIDE (__preinit_array_start, .)
 *(.preinit_array*)
                0x08000f54                PROVIDE (__preinit_array_end, .)

.init_array     0x08000f54        0x8
                0x08000f54                PROVIDE (__init_array_start, .)
 *(SORT(.init_array.*))
 .init_array.00000
                0x08000f54        0x4 c:/program files/gnu tools arm embedded/4.9 2015q1/bin/../lib/gcc/arm-none-eabi/4.9.3/../../../../arm-none-eabi/lib/armv7e-m\libc.a(lib_a-__call_atexit.o)
 *(.init_array*)
 .init_array    0x08000f58        0x4 c:/program files/gnu tools arm embedded/4.9 2015q1/bin/../lib/gcc/arm-none-eabi/4.9.3/armv7e-m/crtbegin.o
                0x08000f5c                PROVIDE (__init_array_end, .)

.fini_array     0x08000f5c        0x4
                0x08000f5c                PROVIDE (__fini_array_start, .)
 *(SORT(.fini_array.*))
 *(.fini_array*)
 .fini_array    0x08000f5c        0x4 c:/program files/gnu tools arm embedded/4.9 2015q1/bin/../lib/gcc/arm-none-eabi/4.9.3/armv7e-m/crtbegin.o
                0x08000f60                PROVIDE (__fini_array_end, .)
                0x08000f60                _sidata = LOADADDR (.data)

.data           0x20000000      0x4c0 load address 0x08000f60
                0x20000000                . = ALIGN (0x4)
                0x20000000                _sdata = .
 *(.data)
 .data          0x20000000       0x84 ..\obj\main.o
                0x20000000                SRC_Const_Buffer
                0x20000044                DST_Buffer
 .data          0x20000084       0x14 ..\obj\system_stm32f4xx.o
                0x20000084                SystemCoreClock
                0x20000088                AHBPrescTable
 *(.data*)
 .data.impure_data
                0x20000098      0x428 c:/program files/gnu tools arm embedded/4.9 2015q1/bin/../lib/gcc/arm-none-eabi/4.9.3/../../../../arm-none-eabi/lib/armv7e-m\libc.a(lib_a-impure.o)
                0x200004c0                . = ALIGN (0x4)
                0x200004c0                _edata = .
                0x08001420                _siccmram = LOADADDR (.ccmram)

.jcr            0x200004c0        0x0 load address 0x08001420
 .jcr           0x200004c0        0x0 c:/program files/gnu tools arm embedded/4.9 2015q1/bin/../lib/gcc/arm-none-eabi/4.9.3/armv7e-m/crtbegin.o

.igot.plt       0x200004c0        0x0 load address 0x08001420
 .igot.plt      0x00000000        0x0 c:/program files/gnu tools arm embedded/4.9 2015q1/bin/../lib/gcc/arm-none-eabi/4.9.3/armv7e-m/crtbegin.o

.ccmram         0x10000000        0x0 load address 0x08001420
                0x10000000                . = ALIGN (0x4)
                0x10000000                _sccmram = .
 *(.ccmram)
 *(.ccmram*)
                0x10000000                . = ALIGN (0x4)
                0x10000000                _eccmram = .
                0x10000000                . = ALIGN (0x4)

.bss            0x200004c0       0x58
                0x200004c0                _sbss = .
                0x200004c0                __bss_start__ = _sbss
 *(.bss)
 .bss           0x200004c0       0x1c c:/program files/gnu tools arm embedded/4.9 2015q1/bin/../lib/gcc/arm-none-eabi/4.9.3/armv7e-m/crtbegin.o
 .bss           0x200004dc       0x3c ..\obj\main.o
                0x200004dc                ThirdTarget_Buffer
                0x20000514                _flag
                0x20000515                TransferStatus
 *(.bss*)
 *(COMMON)
                0x20000518                . = ALIGN (0x4)
                0x20000518                _ebss = .
                0x20000518                __bss_end__ = _ebss

._user_heap_stack
                0x20000518      0x600
                0x20000518                . = ALIGN (0x4)
                0x20000518                PROVIDE (end, .)
                0x20000518                PROVIDE (_end, .)
                0x20000718                . = (. + _Min_Heap_Size)
 *fill*         0x20000518      0x200 
                0x20000b18                . = (. + _Min_Stack_Size)
 *fill*         0x20000718      0x400 
                0x20000b18                . = ALIGN (0x4)

/DISCARD/
 libc.a(*)
 libm.a(*)
 libgcc.a(*)

.ARM.attributes
                0x00000000       0x2a
 *(.ARM.attributes)
 .ARM.attributes
                0x00000000       0x1e c:/program files/gnu tools arm embedded/4.9 2015q1/bin/../lib/gcc/arm-none-eabi/4.9.3/armv7e-m/crti.o
 .ARM.attributes
                0x0000001e       0x2e c:/program files/gnu tools arm embedded/4.9 2015q1/bin/../lib/gcc/arm-none-eabi/4.9.3/armv7e-m/crtbegin.o
 .ARM.attributes
                0x0000004c       0x33 ..\obj\RCC.o
 .ARM.attributes
                0x0000007f       0x33 ..\obj\main.o
 .ARM.attributes
                0x000000b2       0x33 ..\obj\system_stm32f4xx.o
 .ARM.attributes
                0x000000e5       0x33 ..\obj\DMA.o
 .ARM.attributes
                0x00000118       0x21 ..\obj\startup_stm32f429xx.o
 .ARM.attributes
                0x00000139       0x33 ..\obj\stm32f4xx_hal_cortex.o
 .ARM.attributes
                0x0000016c       0x1e c:/program files/gnu tools arm embedded/4.9 2015q1/bin/../lib/gcc/arm-none-eabi/4.9.3/armv7e-m/crtn.o
LOAD ..\obj\Gpio.o
LOAD ..\obj\RCC.o
LOAD ..\obj\main.o
LOAD ..\obj\system_stm32f4xx.o
LOAD ..\obj\DMA.o
LOAD ..\obj\startup_stm32f429xx.o
LOAD ..\obj\stm32f4xx_hal_cortex.o
START GROUP
LOAD c:/program files/gnu tools arm embedded/4.9 2015q1/bin/../lib/gcc/arm-none-eabi/4.9.3/armv7e-m\libgcc.a
LOAD c:/program files/gnu tools arm embedded/4.9 2015q1/bin/../lib/gcc/arm-none-eabi/4.9.3/../../../../arm-none-eabi/lib/armv7e-m\libg.a
LOAD c:/program files/gnu tools arm embedded/4.9 2015q1/bin/../lib/gcc/arm-none-eabi/4.9.3/../../../../arm-none-eabi/lib/armv7e-m\libc.a
END GROUP
LOAD c:/program files/gnu tools arm embedded/4.9 2015q1/bin/../lib/gcc/arm-none-eabi/4.9.3/armv7e-m/crtend.o
LOAD c:/program files/gnu tools arm embedded/4.9 2015q1/bin/../lib/gcc/arm-none-eabi/4.9.3/armv7e-m/crtn.o
OUTPUT(Test.elf elf32-littlearm)

.debug_info     0x00000000     0x1da8
 .debug_info    0x00000000      0x345 ..\obj\RCC.o
 .debug_info    0x00000345      0x601 ..\obj\main.o
 .debug_info    0x00000946      0x5a5 ..\obj\system_stm32f4xx.o
 .debug_info    0x00000eeb      0x267 ..\obj\DMA.o
 .debug_info    0x00001152       0xaa ..\obj\startup_stm32f429xx.o
 .debug_info    0x000011fc      0xbac ..\obj\stm32f4xx_hal_cortex.o

.debug_abbrev   0x00000000      0x6d7
 .debug_abbrev  0x00000000       0xc2 ..\obj\RCC.o
 .debug_abbrev  0x000000c2      0x13e ..\obj\main.o
 .debug_abbrev  0x00000200      0x136 ..\obj\system_stm32f4xx.o
 .debug_abbrev  0x00000336       0xf6 ..\obj\DMA.o
 .debug_abbrev  0x0000042c       0x12 ..\obj\startup_stm32f429xx.o
 .debug_abbrev  0x0000043e      0x299 ..\obj\stm32f4xx_hal_cortex.o

.debug_aranges  0x00000000       0xc8
 .debug_aranges
                0x00000000       0x20 ..\obj\RCC.o
 .debug_aranges
                0x00000020       0x20 ..\obj\main.o
 .debug_aranges
                0x00000040       0x20 ..\obj\system_stm32f4xx.o
 .debug_aranges
                0x00000060       0x20 ..\obj\DMA.o
 .debug_aranges
                0x00000080       0x28 ..\obj\startup_stm32f429xx.o
 .debug_aranges
                0x000000a8       0x20 ..\obj\stm32f4xx_hal_cortex.o

.debug_line     0x00000000      0xa1e
 .debug_line    0x00000000      0x13a ..\obj\RCC.o
 .debug_line    0x0000013a      0x1dc ..\obj\main.o
 .debug_line    0x00000316      0x20a ..\obj\system_stm32f4xx.o
 .debug_line    0x00000520      0x15b ..\obj\DMA.o
 .debug_line    0x0000067b       0xaa ..\obj\startup_stm32f429xx.o
 .debug_line    0x00000725      0x2f9 ..\obj\stm32f4xx_hal_cortex.o

.debug_str      0x00000000      0xf61
 .debug_str     0x00000000      0x321 ..\obj\RCC.o
                                0x35e (size before relaxing)
 .debug_str     0x00000321      0x6e9 ..\obj\main.o
                                0x815 (size before relaxing)
 .debug_str     0x00000a0a      0x1ad ..\obj\system_stm32f4xx.o
                                0x3a0 (size before relaxing)
 .debug_str     0x00000bb7       0xae ..\obj\DMA.o
                                0x1f8 (size before relaxing)
 .debug_str     0x00000c65      0x2fc ..\obj\stm32f4xx_hal_cortex.o
                                0xb1f (size before relaxing)

.comment        0x00000000       0x70
 .comment       0x00000000       0x70 ..\obj\RCC.o
                                 0x71 (size before relaxing)
 .comment       0x00000000       0x71 ..\obj\main.o
 .comment       0x00000000       0x71 ..\obj\system_stm32f4xx.o
 .comment       0x00000000       0x71 ..\obj\DMA.o
 .comment       0x00000000       0x71 ..\obj\stm32f4xx_hal_cortex.o

.debug_frame    0x00000000      0x5fc
 .debug_frame   0x00000000       0x60 ..\obj\RCC.o
 .debug_frame   0x00000060       0x54 ..\obj\main.o
 .debug_frame   0x000000b4       0x7c ..\obj\system_stm32f4xx.o
 .debug_frame   0x00000130       0xa4 ..\obj\DMA.o
 .debug_frame   0x000001d4      0x428 ..\obj\stm32f4xx_hal_cortex.o

.debug_ranges   0x00000000       0x20
 .debug_ranges  0x00000000       0x20 ..\obj\startup_stm32f429xx.o
